{
  "version": "1.5.0",
  "plugins_used": [
    {
      "name": "ArtifactoryDetector"
    },
    {
      "name": "AWSKeyDetector"
    },
    {
      "name": "AzureStorageKeyDetector"
    },
    {
      "name": "Base64HighEntropyString",
      "limit": 4.5
    },
    {
      "name": "BasicAuthDetector"
    },
    {
      "name": "CloudantDetector"
    },
    {
      "name": "DiscordBotTokenDetector"
    },
    {
      "name": "GitHubTokenDetector"
    },
    {
      "name": "GitLabTokenDetector"
    },
    {
      "name": "HexHighEntropyString",
      "limit": 3.0
    },
    {
      "name": "IbmCloudIamDetector"
    },
    {
      "name": "IbmCosHmacDetector"
    },
    {
      "name": "IPPublicDetector"
    },
    {
      "name": "JwtTokenDetector"
    },
    {
      "name": "KeywordDetector",
      "keyword_exclude": ""
    },
    {
      "name": "MailchimpDetector"
    },
    {
      "name": "NpmDetector"
    },
    {
      "name": "OpenAIDetector"
    },
    {
      "name": "PrivateKeyDetector"
    },
    {
      "name": "PypiTokenDetector"
    },
    {
      "name": "SendGridDetector"
    },
    {
      "name": "SlackDetector"
    },
    {
      "name": "SoftlayerDetector"
    },
    {
      "name": "SquareOAuthDetector"
    },
    {
      "name": "StripeDetector"
    },
    {
      "name": "TelegramBotTokenDetector"
    },
    {
      "name": "TwilioKeyDetector"
    }
  ],
  "filters_used": [
    {
      "path": "detect_secrets.filters.allowlist.is_line_allowlisted"
    },
    {
      "path": "detect_secrets.filters.common.is_baseline_file",
      "filename": ".secrets.baseline"
    },
    {
      "path": "detect_secrets.filters.common.is_ignored_due_to_verification_policies",
      "min_level": 2
    },
    {
      "path": "detect_secrets.filters.heuristic.is_indirect_reference"
    },
    {
      "path": "detect_secrets.filters.heuristic.is_likely_id_string"
    },
    {
      "path": "detect_secrets.filters.heuristic.is_lock_file"
    },
    {
      "path": "detect_secrets.filters.heuristic.is_not_alphanumeric_string"
    },
    {
      "path": "detect_secrets.filters.heuristic.is_potential_uuid"
    },
    {
      "path": "detect_secrets.filters.heuristic.is_prefixed_with_dollar_sign"
    },
    {
      "path": "detect_secrets.filters.heuristic.is_sequential_string"
    },
    {
      "path": "detect_secrets.filters.heuristic.is_swagger_file"
    },
    {
      "path": "detect_secrets.filters.heuristic.is_templated_secret"
    }
  ],
  "results": {
    "notebooks\\timber_pathway_viewer.ipynb": [
      {
        "type": "Secret Keyword",
        "filename": "notebooks\\timber_pathway_viewer.ipynb",
        "hashed_secret": "6d9c68c603e465077bdd49c62347fe54717f83a3",
        "is_verified": false,
        "line_number": 1365
      }
    ],
    "src\\openforis_whisp\\datasets.py": [
      {
        "type": "Base64 High Entropy String",
        "filename": "src\\openforis_whisp\\datasets.py",
        "hashed_secret": "38ec79dd7bcf8b684eeb8f27f3fde68c94d94ef2",
        "is_verified": false,
        "line_number": 98
      },
      {
        "type": "Base64 High Entropy String",
        "filename": "src\\openforis_whisp\\datasets.py",
        "hashed_secret": "61dc9075144384542268c16932b0f3a2d707bc0a",
        "is_verified": false,
        "line_number": 283
      },
      {
        "type": "Base64 High Entropy String",
        "filename": "src\\openforis_whisp\\datasets.py",
        "hashed_secret": "91647ec14157e48976c9010b7ded862a369142aa",
        "is_verified": false,
        "line_number": 286
      },
      {
        "type": "Base64 High Entropy String",
        "filename": "src\\openforis_whisp\\datasets.py",
        "hashed_secret": "d24e4111a128c072dace42588c79509a7f742dad",
        "is_verified": false,
        "line_number": 519
      },
      {
        "type": "Base64 High Entropy String",
        "filename": "src\\openforis_whisp\\datasets.py",
        "hashed_secret": "02d13d9ce3ad7168bac0d7a2725ac7221814f58c",
        "is_verified": false,
        "line_number": 540
      },
      {
        "type": "Base64 High Entropy String",
        "filename": "src\\openforis_whisp\\datasets.py",
        "hashed_secret": "1fb6b2332e9aee20230c76989df6cb7c06db2372",
        "is_verified": false,
        "line_number": 922
      },
      {
        "type": "Base64 High Entropy String",
        "filename": "src\\openforis_whisp\\datasets.py",
        "hashed_secret": "73fad119cbaa03266890de084e1c1a7c5ce1032a",
        "is_verified": false,
        "line_number": 960
      },
      {
        "type": "Base64 High Entropy String",
        "filename": "src\\openforis_whisp\\datasets.py",
        "hashed_secret": "e938345198f57845221dee8a5f912d096c008cb0",
        "is_verified": false,
        "line_number": 1599
      }
    ]
  },
  "generated_at": "2026-07-29T13:54:58Z"
}
